// Jest Snapshot v1, https://goo.gl/fbAQLP

exports[`empty reporter 1`] = `
[
  [
    "verb  [] [emptyDir] emptying: <$WORKSPACE$>/packages/_internal/__test__/fixtures/fictitiousDir_c4266163b919b
",
  ],
  [
    "verb  [] [emptyDir] emptying: <$WORKSPACE$>/packages/_internal/__test__/fixtures/fictitiousDir_c4266163b919b
",
  ],
]
`;

exports[`mkdirsIfNotExists mkdirs (with reporter) 1`] = `
[
  [
    "verb  [] mkdirs: <$WORKSPACE$>/packages/_internal/__test__/fixtures/basic--non-existed--2
",
  ],
]
`;
